// Jest Snapshot v1, https://goo.gl/fbAQLP

exports[`Note component renders the Note given props 1`] = `
<div
  className="Note"
>
  <h2
    className="Note__title"
  >
    test-class-name
  </h2>
  <button
    className="Note__delete"
    onClick={[Function]}
    type="button"
  >
    <FontAwesomeIcon
      border={false}
      className=""
      fixedWidth={false}
      flip={null}
      icon="trash-alt"
      inverse={false}
      listItem={false}
      mask={null}
      pull={null}
      pulse={false}
      rotation={null}
      size={null}
      spin={false}
      swapOpacity={false}
      symbol={false}
      title=""
      transform={null}
    />
     
    remove
  </button>
  <Link
    to={
      Object {
        "pathname": "edit-note/1",
        "theNoteId": 1,
      }
    }
  >
    <button
      className="Note__edit"
      onClick={[Function]}
      type="button"
    >
      <FontAwesomeIcon
        border={false}
        className=""
        fixedWidth={false}
        flip={null}
        icon="edit"
        inverse={false}
        listItem={false}
        mask={null}
        pull={null}
        pulse={false}
        rotation={null}
        size={null}
        spin={false}
        swapOpacity={false}
        symbol={false}
        title=""
        transform={null}
      />
       
      edit
    </button>
  </Link>
  <div
    className="Note__dates"
  >
    <div
      className="Note__dates-modified"
    >
       
      <span
        className="Date"
      />
    </div>
  </div>
</div>
`;
