// Jest Snapshot v1, https://goo.gl/fbAQLP

exports[`NotePageMain component renders a .NotePageMain by default 1`] = `
<section
  className="NotePageMain"
>
  <div
    className="NotePageMain__content"
  />
</section>
`;

exports[`NotePageMain component renders a Note with note prop 1`] = `null`;

exports[`NotePageMain component splits the content by \\n or \\n\\r, with a p foreach 1`] = `null`;

exports[`NotePageMain component splits the content by \\n or \\n\\r, with a p foreach 2`] = `null`;
