// Jest Snapshot v1, https://goo.gl/fbAQLP

exports[`AddItemForm component renders the complete form 1`] = `
<form
  className="Noteful-form"
  onSubmit={[Function]}
>
  <h2
    className="title"
  >
    Add Folder
  </h2>
  <div
    className="form-group"
  >
    <label
      htmlFor="title"
    >
      Title
    </label>
    <input
      className="field"
      id="title"
      name="title"
      onChange={[Function]}
      placeholder="Folder Title"
      type="text"
    />
  </div>
  <div
    className="errorValidation"
  >
    <p />
  </div>
  <div
    className="buttons"
  >
    <button
      className="button"
      onClick={[Function]}
      type="button"
    >
      Cancel
    </button>
    <button
      className="button"
      type="submit"
    >
      Save
    </button>
  </div>
</form>
`;
