// Jest Snapshot v1, https://goo.gl/fbAQLP

exports[`NotePageNav component renders a .NotePageNav by default 1`] = `
<div
  className="NotePageNav"
>
  <NavCircleButton
    className="NotePageNav__back-button"
    onClick={[Function]}
    role="link"
    tag="button"
  >
    <FontAwesomeIcon
      border={false}
      className=""
      fixedWidth={false}
      flip={null}
      icon={
        Object {
          "icon": Array [
            320,
            512,
            Array [],
            "f053",
            "M34.52 239.03L228.87 44.69c9.37-9.37 24.57-9.37 33.94 0l22.67 22.67c9.36 9.36 9.37 24.52.04 33.9L131.49 256l154.02 154.75c9.34 9.38 9.32 24.54-.04 33.9l-22.67 22.67c-9.37 9.37-24.57 9.37-33.94 0L34.52 272.97c-9.37-9.37-9.37-24.57 0-33.94z",
          ],
          "iconName": "chevron-left",
          "prefix": "fas",
        }
      }
      inverse={false}
      listItem={false}
      mask={null}
      pull={null}
      pulse={false}
      rotation={null}
      size={null}
      spin={false}
      swapOpacity={false}
      symbol={false}
      title=""
      transform={null}
    />
    <br />
    Back
  </NavCircleButton>
</div>
`;

exports[`NotePageNav component renders a h3 with folder name when in props 1`] = `null`;
